<html>
<body>
<pre>
<h1>µVision Build Log</h1>
<h2>Project:</h2>
E:\gitpractice\ccdf103\CCD_F103\USER\ADC.uvprojx
Project File Date:  11/01/2016

<h2>Output:</h2>
Build target 'ADC'
linking...
Program Size: Code=15788 RO-data=336 RW-data=92 ZI-data=1892  
FromELF: creating hex file...
"..\OBJ\ADC.axf" - 0 Error(s), 0 Warning(s).
</pre>
</body>
</html>
): warning:  #1-D: last line of file ends without a newline
  }
..\HARDWARE\CCD\ccd.c(85): warning:  #177-D: variable "zuixiaozhi" was declared but never referenced
  static u8 zuixiaozhi;
..\HARDWARE\CCD\ccd.c(218): warning:  #177-D: variable "timeeold" was declared but never referenced
  static uint16_t  timeeold=8000-1;
..\HARDWARE\CCD\ccd.c: 4 warnings, 0 errors
linking...
Program Size: Code=15788 RO-data=336 RW-data=92 ZI-data=1892  
FromELF: creating hex file...
"..\OBJ\ADC.axf" - 0 Error(s), 4 Warning(s).
ze: Code=15788 RO-data=336 RW-data=92 ZI-data=1892  
FromELF: creating hex file...
"..\OBJ\ADC.axf" - 0 Error(s), 5 Warning(s).
riable "countbigold" was declared but never referenced
  static u8 countbigold=0;
..\HARDWARE\CCD\ccd.c: 7 warnings, 0 errors
linking...
Program Size: Code=15948 RO-data=336 RW-data=100 ZI-data=1892  
FromELF: creating hex file...
"..\OBJ\ADC.axf" - 0 Error(s), 7 Warning(s).
ble "timeeold" was declared but never referenced
  static uint16_t  timeeold=8000-1;
..\HARDWARE\CCD\ccd.c(360): warning:  #177-D: variable "countbigold" was declared but never referenced
  static u8 countbigold=0;
..\HARDWARE\CCD\ccd.c: 7 warnings, 0 errors
compiling can.c...
..\HARDWARE\CAN\can.c(86): warning:  #177-D: variable "i" was declared but never referenced
        int i=0;
..\HARDWARE\CAN\can.c(233): warning:  #550-D: variable "CAN_RxSource" was set but never used
        uint8_t CAN_RxSource=0;
..\HARDWARE\CAN\can.c(234): warning:  #550-D: variable "CAN_TxSource" was set but never used
        uint8_t CAN_TxSource=0;
..\HARDWARE\CAN\can.c(235): warning:  #177-D: variable "GPIO_AF_CANx" was declared but never referenced
      uint8_t GPIO_AF_CANx=0;
..\HARDWARE\CAN\can.c: 4 warnings, 0 errors
linking...
Program Size: Code=16032 RO-data=336 RW-data=116 ZI-data=1892  
FromELF: creating hex file...
"..\OBJ\ADC.axf" - 0 Error(s), 14 Warning(s).
